19:17:21 **** Incremental Build of configuration Debug for project riverdi-70-stm32h7-lvgl_CM7 ****
make -j12 all 
arm-none-eabi-size  riverdi-70-stm32h7-lvgl_CM7.elf 
   text	   data	    bss	    dec	    hex	filename
     88	      8	 100384	 100480	  18880	riverdi-70-stm32h7-lvgl_CM7.elf
Finished building: default.size.stdout
 
19:18:55 **** Incremental Build of configuration Debug for project riverdi-70-stm32h7-lvgl_CM4 ****
make -j12 all 
arm-none-eabi-size  riverdi-70-stm32h7-lvgl_CM4.elf 
   text	   data	    bss	    dec	    hex	filename
   3192	     24	    544	   3760	    eb0	riverdi-70-stm32h7-lvgl_CM4.elf
Finished building: default.size.stdout
 
19:19:10 **** Incremental Build of configuration Debug for project riverdi-70-stm32h7-lvgl_CM4 ****
make -j12 all 
arm-none-eabi-size  riverdi-70-stm32h7-lvgl_CM4.elf 
   text	   data	    bss	    dec	    hex	filename
   3192	     24	    544	   3760	    eb0	riverdi-70-stm32h7-lvgl_CM4.elf
Finished building: default.size.stdout
 
